###############################################################################
#
# IAR ELF Linker V3.11.4.934 for STM8                     24/Aug/2021  17:56:26
# Copyright 2010-2019 IAR Systems AB.
#
#    Output file  =  
#        C:\Users\victo\Documents\eternal_clock\software\Debug\Exe\clock.out
#    Map file     =  
#        C:\Users\victo\Documents\eternal_clock\software\Debug\List\clock.map
#    Command line =  
#        -f C:\Users\victo\AppData\Local\Temp\EW44A.tmp
#        (C:\Users\victo\Documents\eternal_clock\software\Debug\Obj\display.o
#        C:\Users\victo\Documents\eternal_clock\software\Debug\Obj\init.o
#        C:\Users\victo\Documents\eternal_clock\software\Debug\Obj\main.o
#        --redirect _Printf=_PrintfFullNoMb --redirect _Scanf=_ScanfFullNoMb
#        --no_out_extension -o
#        C:\Users\victo\Documents\eternal_clock\software\Debug\Exe\clock.out
#        --map
#        C:\Users\victo\Documents\eternal_clock\software\Debug\List\clock.map
#        --config "C:\Program Files (x86)\IAR Systems\Embedded Workbench
#        8.3\stm8\config\lnkstm8l051f3.icf" --config_def _CSTACK_SIZE=0x100
#        --config_def _HEAP_SIZE=0x100 --entry __iar_program_start --debug_lib)
#
###############################################################################

*******************************************************************************
*** RUNTIME MODEL ATTRIBUTES
***

__SystemLibrary            = DLib
__code_model               = small
__core                     = stm8
__data_model               = medium
__dlib_file_descriptor     = 0
__dlib_full_locale_support = 0
__rt_version               = 4


*******************************************************************************
*** PLACEMENT SUMMARY
***

"A0":  place at start of [0x000000-0x0000ff] { rw section .vregs };
"A1":  place at end of [0x000000-0x0003ff] { block CSTACK };
"P2":  place in [from 0x000000 to 0x0003ff] {
          block HEAP, rw section __DLIB_PERTHREAD, rw section .far.bss,
          rw section .far.data, rw section .far.noinit,
          rw section .far_func.textrw, rw section .huge.bss,
          rw section .huge.data, rw section .huge.noinit,
          rw section .huge_func.textrw, rw section .iar.dynexit,
          rw section .near.bss, rw section .near.data, rw section .near.noinit,
          rw section .near_func.textrw };
"A2":  place at start of [0x008000-0x009fff] { block INTVEC };
"P3":  place in [from 0x008000 to 0x009fff] {
          ro section __DLIB_PERTHREAD_init, ro section .far.data_init,
          ro section .far_func.textrw_init, ro section .huge.data_init,
          ro section .huge_func.textrw_init, ro section .iar.init_table,
          ro section .init_array, ro section .near.data_init,
          ro section .near.rodata, ro section .near_func.text,
          ro section .near_func.textrw_init, ro section .tiny.data_init,
          ro section .tiny.rodata_init };
"P4":  place in [from 0x008000 to 0x009fff] {
          ro section .far.rodata, ro section .far_func.text };
"P5":  place in [from 0x008000 to 0x009fff] {
          ro section .huge.rodata, ro section .huge_func.text };
do not initialize {
   rw section .eeprom.noinit, rw section .far.noinit, rw section .huge.noinit,
   rw section .near.noinit, rw section .tiny.noinit, rw section .vregs };
initialize by copy {
   rw section .far.bss, rw section .far.data, rw section .far_func.textrw,
   rw section .huge.bss, rw section .huge.data, rw section .huge_func.textrw,
   rw section .iar.dynexit, rw section .near.bss, rw section .near.data,
   rw section .near_func.textrw, rw section .tiny.bss, rw section .tiny.data,
   ro section .tiny.rodata };

No sections matched the following patterns:

  ro section .far.data_init          in "P3-P5"
  ro section .far.rodata             in "P3-P5"
  ro section .far_func.text          in "P3-P5"
  ro section .far_func.textrw_init   in "P3-P5"
  ro section .huge.data_init         in "P3-P5"
  ro section .huge.rodata            in "P3-P5"
  ro section .huge_func.text         in "P3-P5"
  ro section .huge_func.textrw_init  in "P3-P5"
  ro section .iar.init_table         in "P3-P5"
  ro section .init_array             in "P3-P5"
  ro section .near_func.textrw_init  in "P3-P5"
  ro section .tiny.data_init         in "P3-P5"
  ro section .tiny.rodata_init       in "P3-P5"
  ro section __DLIB_PERTHREAD_init   in "P3-P5"
  rw section .far.bss                in "P2"
  rw section .far.data               in "P2"
  rw section .far.noinit             in "P2"
  rw section .far_func.textrw        in "P2"
  rw section .huge.bss               in "P2"
  rw section .huge.data              in "P2"
  rw section .huge.noinit            in "P2"
  rw section .huge_func.textrw       in "P2"
  rw section .iar.dynexit            in "P2"
  rw section .near.noinit            in "P2"
  rw section .near_func.textrw       in "P2"
  rw section .tiny.bss               in "P1"
  rw section .tiny.data              in "P1"
  rw section .tiny.noinit            in "P1"
  rw section .tiny.rodata            in "P1"
  rw section __DLIB_PERTHREAD        in "P2"
  section .eeprom.data               in "P6-P8"
  section .eeprom.noinit             in "P6-P8"
  section .eeprom.rodata             in "P6-P8"


  Section            Kind      Address   Size  Object
  -------            ----      -------   ----  ------
"A0":                                     0xc
  .vregs             uninit   0x000000    0xc  vregs.o [4]
                            - 0x00000c    0xc

"P2":                                    0x1e
  P2-1                        0x00000c   0x1e  <Init block>
    .near.data       inited   0x00000c   0x16  display.o [1]
    .near.bss        inited   0x000022    0x2  display.o [1]
    .near.bss        inited   0x000024    0x2  main.o [1]
    .near.bss        inited   0x000026    0x2  main.o [1]
    .near.bss        inited   0x000028    0x2  main.o [1]
                            - 0x00002a   0x1e

"A1":                                   0x100
  CSTACK                      0x000300  0x100  <Block>
    CSTACK           uninit   0x000300  0x100  <Block tail>
                            - 0x000400  0x100

Absolute sections, part 1 of 16:          0x1
  .near.noinit       uninit   0x005000    0x1  display.o [1]
                            - 0x005001    0x1

Absolute sections, part 2 of 16:          0x2
  .near.noinit       uninit   0x005002    0x1  init.o [1]
  .near.noinit       uninit   0x005003    0x1  init.o [1]
                            - 0x005004    0x2

Absolute sections, part 3 of 16:          0x1
  .near.noinit       uninit   0x005005    0x1  display.o [1]
                            - 0x005006    0x1

Absolute sections, part 4 of 16:          0x2
  .near.noinit       uninit   0x005007    0x1  init.o [1]
  .near.noinit       uninit   0x005008    0x1  init.o [1]
                            - 0x005009    0x2

Absolute sections, part 5 of 16:          0x1
  .near.noinit       uninit   0x00500a    0x1  display.o [1]
                            - 0x00500b    0x1

Absolute sections, part 6 of 16:          0x2
  .near.noinit       uninit   0x00500c    0x1  init.o [1]
  .near.noinit       uninit   0x00500d    0x1  init.o [1]
                            - 0x00500e    0x2

Absolute sections, part 7 of 16:          0x1
  .near.noinit       uninit   0x0050b0    0x1  init.o [1]
                            - 0x0050b1    0x1

Absolute sections, part 8 of 16:          0x2
  .near.noinit       uninit   0x0050c0    0x1  init.o [1]
  .near.noinit       uninit   0x0050c1    0x1  init.o [1]
                            - 0x0050c2    0x2

Absolute sections, part 9 of 16:          0x2
  .near.noinit       uninit   0x0050c3    0x1  init.o [1]
  .near.noinit       uninit   0x0050c4    0x1  init.o [1]
                            - 0x0050c5    0x2

Absolute sections, part 10 of 16:         0x1
  .near.noinit       uninit   0x0050c6    0x1  init.o [1]
                            - 0x0050c7    0x1

Absolute sections, part 11 of 16:         0x1
  .near.noinit       uninit   0x005250    0x1  init.o [1]
                            - 0x005251    0x1

Absolute sections, part 12 of 16:         0x2
  .near.noinit       uninit   0x005255    0x1  init.o [1]
  .near.noinit       uninit   0x005256    0x1  main.o [1]
                            - 0x005257    0x2

Absolute sections, part 13 of 16:         0x1
  .near.noinit       uninit   0x005258    0x1  init.o [1]
                            - 0x005259    0x1

Absolute sections, part 14 of 16:         0x2
  .near.noinit       uninit   0x00525f    0x1  init.o [1]
  .near.noinit       uninit   0x005260    0x1  init.o [1]
                            - 0x005261    0x2

Absolute sections, part 15 of 16:         0x1
  .near.noinit       uninit   0x005340    0x1  init.o [1]
                            - 0x005341    0x1

Absolute sections, part 16 of 16:         0x2
  .near.noinit       uninit   0x00534a    0x1  init.o [1]
  .near.noinit       uninit   0x00534b    0x1  init.o [1]
                            - 0x00534c    0x2

"A2":                                    0x80
  INTVEC                      0x008000   0x80  <Block>
    .intvec          const    0x008000   0x80  interrupt.o [4]
                            - 0x008080   0x80

"P3-P5":                                0x2d7
  .near_func.text    ro code  0x008080  0x123  display.o [1]
  .near_func.text    ro code  0x0081a3   0x3b  main.o [1]
  .near_func.text    ro code  0x0081de   0x2a  init.o [1]
  .near_func.text    ro code  0x008208   0x29  short.o [4]
  .near_func.text    ro code  0x008231   0x28  init_small.o [4]
  .iar.init_table    const    0x008259    0xa  - Linker created -
  .near_func.text    ro code  0x008263   0x1e  main.o [1]
  Initializer bytes  const    0x008281   0x1e  <for P2-1>
  .near_func.text    ro code  0x00829f   0x1d  init.o [1]
  .near_func.text    ro code  0x0082bc   0x18  vreg_util.o [4]
  .near_func.text    ro code  0x0082d4   0x15  init.o [1]
  .near_func.text    ro code  0x0082e9   0x14  init.o [4]
  .near_func.text    ro code  0x0082fd   0x14  __dbg_xxexit.o [3]
  .near_func.text    ro code  0x008311   0x13  cstartup.o [4]
  .near_func.text    ro code  0x008324    0xd  init.o [1]
  .near_func.text    ro code  0x008331    0xd  move.o [4]
  .near_func.text    ro code  0x00833e    0x5  char.o [4]
  .near_func.text    ro code  0x008343    0x5  cexit.o [4]
  .near_func.text    ro code  0x008348    0x3  interrupt.o [4]
  .near_func.text    ro code  0x00834b    0x3  low_level_init.o [4]
  .near_func.text    ro code  0x00834e    0x3  exit.o [4]
  .near_func.text    ro code  0x008351    0x3  unhandled_exception.o [4]
  .near.rodata       const    0x008354    0x1  main.o [1]
  .near_func.text    ro code  0x008355    0x1  init.o [1]
  .near_func.text    ro code  0x008356    0x1  __dbg_break.o [3]
                            - 0x008357  0x2d7


*******************************************************************************
*** INIT TABLE
***

          Address   Size
          -------   ----
Copy (__iar_copy_init2)
    1 source range, total size 0x1e:
          0x008281  0x1e
    1 destination range, total size 0x1e:
          0x00000c  0x1e



*******************************************************************************
*** MODULE SUMMARY
***

    Module                 ro code  ro data  rw data  rw data
                                                       (abs)
    ------                 -------  -------  -------  -------
C:\Users\victo\Documents\eternal_clock\software\Debug\Obj: [1]
    display.o                  291       24       24        3
    init.o                     106                         20
    main.o                      89        7        6        1
    ---------------------------------------------------------
    Total:                     486       31       30       24

command line: [2]
    ---------------------------------------------------------
    Total:

dbgstm8smd.a: [3]
    __dbg_break.o                1
    __dbg_xxexit.o              20
    ---------------------------------------------------------
    Total:                      21

dlstm8smn.a: [4]
    cexit.o                      5
    char.o                       5
    cstartup.o                  19
    exit.o                       3
    init.o                      20
    init_small.o                40
    interrupt.o                  3      128
    low_level_init.o             3
    move.o                      13
    short.o                     41
    unhandled_exception.o        3
    vreg_util.o                 24
    vregs.o                                       12
    ---------------------------------------------------------
    Total:                     179      128       12

    Linker created                       10      256
-------------------------------------------------------------
    Grand Total:               686      169      298       24


*******************************************************************************
*** ENTRY LIST
***

Entry                    Address   Size  Type      Object
-----                    -------   ----  ----      ------
.iar.init_table$$Base   0x008259          --   Gb  - Linker created -
.iar.init_table$$Limit  0x008263          --   Gb  - Linker created -
?b0                     0x000000         Data  Gb  vregs.o [4]
?b1                     0x000001         Data  Gb  vregs.o [4]
?b10                    0x00000a         Data  Gb  vregs.o [4]
?b11                    0x00000b         Data  Gb  vregs.o [4]
?b2                     0x000002         Data  Gb  vregs.o [4]
?b3                     0x000003         Data  Gb  vregs.o [4]
?b4                     0x000004         Data  Gb  vregs.o [4]
?b5                     0x000005         Data  Gb  vregs.o [4]
?b6                     0x000006         Data  Gb  vregs.o [4]
?b7                     0x000007         Data  Gb  vregs.o [4]
?b8                     0x000008         Data  Gb  vregs.o [4]
?b9                     0x000009         Data  Gb  vregs.o [4]
?e0                     0x000001         Data  Gb  vregs.o [4]
?e1                     0x000005         Data  Gb  vregs.o [4]
?e2                     0x000009         Data  Gb  vregs.o [4]
?l0                     0x000000         Data  Gb  vregs.o [4]
?l1                     0x000004         Data  Gb  vregs.o [4]
?l2                     0x000008         Data  Gb  vregs.o [4]
?move1616_v_x_y_a       0x008331         Code  Gb  move.o [4]
?push_w4                0x0082bc         Code  Gb  vreg_util.o [4]
?sdiv16_x_x_y           0x008208         Code  Gb  short.o [4]
?smod16_y_x_y           0x008221         Code  Gb  short.o [4]
?srl8_a_a_5             0x00833e         Code  Gb  char.o [4]
?w0                     0x000000         Data  Gb  vregs.o [4]
?w1                     0x000002         Data  Gb  vregs.o [4]
?w2                     0x000004         Data  Gb  vregs.o [4]
?w3                     0x000006         Data  Gb  vregs.o [4]
?w4                     0x000008         Data  Gb  vregs.o [4]
?w5                     0x00000a         Data  Gb  vregs.o [4]
ADC_init                0x008324    0xd  Code  Gb  init.o [1]
CLK_init                0x0081de   0x2a  Code  Gb  init.o [1]
CSTACK$$Base            0x000300          --   Gb  - Linker created -
CSTACK$$Limit           0x000400          --   Gb  - Linker created -
GPIO_init               0x00829f   0x1d  Code  Gb  init.o [1]
INTVEC$$Base            0x008000          --   Gb  - Linker created -
INTVEC$$Limit           0x008080          --   Gb  - Linker created -
RST_CR                  0x0050b0    0x1  Data  Gb  init.o [1]
RTC_init                0x008355    0x1  Code  Gb  init.o [1]
Region$$Table$$Base     0x008259          --   Gb  - Linker created -
Region$$Table$$Limit    0x008263          --   Gb  - Linker created -
TIM2_OVR_UIF_handler    0x008263   0x1e  Code  Gb  main.o [1]
TIM2_init               0x0082d4   0x15  Code  Gb  init.o [1]
_A_ADC1_CR1             0x005340    0x1  Data  Gb  init.o [1]
_A_ADC1_SQR1            0x00534a    0x1  Data  Gb  init.o [1]
_A_ADC1_SQR2            0x00534b    0x1  Data  Gb  init.o [1]
_A_CLK_CKDIVR           0x0050c0    0x1  Data  Gb  init.o [1]
_A_CLK_CRTCR            0x0050c1    0x1  Data  Gb  init.o [1]
_A_CLK_ECKR             0x0050c6    0x1  Data  Gb  init.o [1]
_A_CLK_PCKENR1          0x0050c3    0x1  Data  Gb  init.o [1]
_A_CLK_PCKENR2          0x0050c4    0x1  Data  Gb  init.o [1]
_A_PA_CR1               0x005003    0x1  Data  Gb  init.o [1]
_A_PA_DDR               0x005002    0x1  Data  Gb  init.o [1]
_A_PA_ODR               0x005000    0x1  Data  Gb  display.o [1]
_A_PB_CR1               0x005008    0x1  Data  Gb  init.o [1]
_A_PB_DDR               0x005007    0x1  Data  Gb  init.o [1]
_A_PB_ODR               0x005005    0x1  Data  Gb  display.o [1]
_A_PC_CR1               0x00500d    0x1  Data  Gb  init.o [1]
_A_PC_DDR               0x00500c    0x1  Data  Gb  init.o [1]
_A_PC_ODR               0x00500a    0x1  Data  Gb  display.o [1]
_A_TIM2_ARRH            0x00525f    0x1  Data  Gb  init.o [1]
_A_TIM2_ARRL            0x005260    0x1  Data  Gb  init.o [1]
_A_TIM2_CR1             0x005250    0x1  Data  Gb  init.o [1]
_A_TIM2_EGR             0x005258    0x1  Data  Gb  init.o [1]
_A_TIM2_IER             0x005255    0x1  Data  Gb  init.o [1]
_A_TIM2_SR1             0x005256    0x1  Data  Gb  main.o [1]
__DebugBreak            0x008356    0x1  Code  Gb  __dbg_break.o [3]
__exit                  0x0082fd   0x14  Code  Gb  __dbg_xxexit.o [3]
__iar_copy_init2        0x008231         Code  Gb  init_small.o [4]
__iar_data_init2        0x0082e9   0x14  Code  Gb  init.o [4]
__iar_program_start     0x008311         Code  Gb  cstartup.o [4]
__iar_unhandled_exception
                        0x008351         Code  Gb  unhandled_exception.o [4]
__intvec                0x008000         Data  Gb  interrupt.o [4]
__low_level_init        0x00834b    0x3  Code  Gb  low_level_init.o [4]
_exit                   0x008343         Code  Gb  cexit.o [4]
_interrupt_21           0x008263         Code  Gb  main.o [1]
display_buffer          0x000024    0x2  Data  Gb  main.o [1]
display_char            0x00000c   0x16  Data  Gb  display.o [1]
display_flag_update     0x000028    0x2  Data  Gb  main.o [1]
display_output          0x008080  0x123  Code  Gb  display.o [1]
display_output::display_current_state
                        0x000022    0x2  Data  Lc  display.o [1]
display_update_counter  0x000026    0x2  Data  Gb  main.o [1]
exit                    0x00834e    0x3  Code  Gb  exit.o [4]
main                    0x0081a3   0x3b  Code  Gb  main.o [1]


[1] = C:\Users\victo\Documents\eternal_clock\software\Debug\Obj
[2] = command line
[3] = dbgstm8smd.a
[4] = dlstm8smn.a

  686 bytes of readonly  code memory
  169 bytes of readonly  data memory
  298 bytes of readwrite data memory (+ 24 absolute)

Errors: none
Warnings: none
